WATCOM Linker Version 11.0
Copyright by Sybase, Inc., and its subsidiaries, 1985, 1997.
Created on:       26/05/26 19:44:27
Executable Image: auc9x.exe
creating a Windows NT windowed executable


                        +------------+
                        |   Groups   |
                        +------------+

Group                           Address              Size
=====                           =======              ====

.idata                          0040f000             00000992
DGROUP                          00410000             00019f60



                        +--------------+
                        |   Segments   |
                        +--------------+

Segment                Class          Group          Address         Size
=======                =====          =====          =======         ====

BEGTEXT                CODE           AUTO           00401000        00000007
_TEXT                  CODE           AUTO           00401010        0000cef4
TRANSFER CODE          CODE           AUTO           0040df04        00000240
.idata                 .idata         .idata         0040f000        00000992
_NULL                  BEGDATA        DGROUP         00410000        00000004
_AFTERNULL             BEGDATA        DGROUP         00410004        00000000
CONST                  DATA           DGROUP         00410004        000008b4
CONST2                 DATA           DGROUP         004108b8        00000038
_DATA                  DATA           DGROUP         004108f0        00007910
XIB                    DATA           DGROUP         00418200        00000000
XI                     DATA           DGROUP         00418200        00000024
XIE                    DATA           DGROUP         00418224        00000000
YIB                    DATA           DGROUP         00418224        00000000
YI                     DATA           DGROUP         00418224        0000001e
YIE                    DATA           DGROUP         00418242        00000000
TIB                    DATA           DGROUP         00418242        00000000
TI                     DATA           DGROUP         00418242        00000000
TIE                    DATA           DGROUP         00418242        00000000
DATA                   DATA           DGROUP         00418242        00000000
_BSS                   BSS            DGROUP         00419010        00000f50
STACK                  STACK          DGROUP         00419f60        00010000


                        +----------------+
                        |   Memory Map   |
                        +----------------+

* = unreferenced symbol
+ = symbol only referenced locally

Address        Symbol
=======        ======

Module: credits.obj(D:\aurorachat\credits.c)
00401010+      _Credits_WP@16
0040120d       Credits_init_
00401293       Credits_spawn_
004108b8+      _CREDITS_WINCLASS
00419010+      _Credits_creditbmp
Module: ipsetup.obj(D:\aurorachat\ipsetup.c)
004012f2+      _IPSetup_WP@16
00401639       IPSetup_init_
004016bf       IPSetup_spawn_
004108c4+      _IPSETUP_WINCLASS
Module: login.obj(D:\aurorachat\login.c)
0040201a+      Login_startswith_
004020a2+      Login_saveUserData_
0040216c+      _Login_WP@16
004028a9+      Login_createWC_
0040292f       Login_main_
004108d0+      _LOGIN_WINCLASS
004108f0       _Login_tokenbuf
004118f0       _Login_targetip
00411930       _Login_httpport
00411932       _Login_tcpport
00411934+      _Login_done
00419014+      _Login_logobmp
Module: main.obj(D:\aurorachat\main.c)
00402a71*      _WinMain@16
Module: rooms.obj(D:\aurorachat\rooms.c)
00404ad5+      _Rooms_WP@16
00405177       Rooms_init_
004051fd       Rooms_main_
004108dc+      _ROOMS_WINCLASS
00411938+      _Rooms_roombuf
00412938+      _Rooms_roomname
00413938+      _Rooms_v6socket
0041393c+      _Rooms_messagebuffer
Module: v6.obj(D:\aurorachat\v6.c)
00405300*      V6_init_
00405361*      V6_end_
00405387*      V6_connect_
00405410*      V6_stripline_
00405454*      V6_onconnecterr_
004054b3+      V6_httppost_
004056f7       V6_loginrequest_
0040576a       V6_signuprequest_
004057dd*      V6_roomrequest_
00405827*      V6_messagerequest_
Module: E:\lib386\nt\clib3r.lib(stk)
00405899       __CHK
004058a9*      __STK
004058c8*      __STKOVERFLOW_
004058d8*      __GRO
004058f8*      __alloca_probe
Module: E:\lib386\nt\clib3r.lib(_isnprin)
0040590c       _snprintf_
Module: E:\lib386\nt\clib3r.lib(sscanf)
00405950+      vsscanf_
00405978       sscanf_
Module: E:\lib386\nt\clib3r.lib(strlen)
004059a0       strlen_
Module: E:\lib386\nt\clib3r.lib(fopen)
004059c0+      __open_flags_
00405be4+      _fsopen_
00405c28       fopen_
00405cbc*      freopen_
Module: E:\lib386\nt\clib3r.lib(fputs)
00405d40       fputs_
Module: E:\lib386\nt\clib3r.lib(fputc)
00405de0       fputc_
Module: E:\lib386\nt\clib3r.lib(fprintf)
00405f00       fprintf_
Module: E:\lib386\nt\clib3r.lib(fclose)
00405f30       fclose_
00405f74+      __shutdown_stream_
00405f98+      __MkTmpFile_
00406044*      __doclose_
Module: E:\lib386\nt\clib3r.lib(strtok)
00406110       strtok_
Module: E:\lib386\nt\clib3r.lib(cstrtwwt)
004061b6*      _wstart_
004061b6*      _wstart2_
004061b6*      WinMainCRTStartup
Module: E:\lib386\nt\clib3r.lib(strncpy)
00406230*      strncpy_
Module: E:\lib386\nt\clib3r.lib(strncat)
00406260*      strncat_
Module: E:\lib386\nt\clib3r.lib(strncmp)
004062a0*      strncmp_
Module: E:\lib386\nt\clib3r.lib(xmsgwnt)
004062d0+      __exit_with_msg_
0040630c*      __fatal_runtime_error_
Module: E:\lib386\nt\clib3r.lib(mainwnt)
00419020+      ___Is_DLL
00417954*      ___TlsIndex
00417958*      ___GetThreadPtr
0041795c*      __AccessFileH
00417960*      __ReleaseFileH
00417964*      __InitAccessH
00417968*      __FiniAccessH
0041796c*      __AccessIOB
00417970*      __ReleaseIOB
00417974*      __AccessNHeap
00417978*      __AccessFHeap
0041797c*      __ReleaseNHeap
00406330*      __threadid_
00406344+      __sig_null_rtn_
00406358+      __NTInit_
00406588*      __NTMainInit_
004065dc*      __exit_
00417980*      __ReleaseFHeap
00417984*      __AccessTDList
00417988*      __ReleaseTDList
0041798c*      __AccessFList
00417990*      __ReleaseFList
00417994+      __ThreadExitRtn
00417998+      ___sig_init_rtn
0041799c*      ___sig_fini_rtn
004179a0+      ___process_fini
0041902c+      ___FirstThreadData
Module: E:\lib386\nt\clib3r.lib(bprintf)
00406680+      _vbprintf_
004066ac*      _bprintf_
Module: E:\lib386\nt\clib3r.lib(scnf)
004066f0*      __scnf_
Module: E:\lib386\nt\clib3r.lib(comtflag)
00407600*      __set_commode_
004179ac*      __commode
Module: E:\lib386\nt\clib3r.lib(seterrno)
00407610*      __set_errno_
00407620*      __set_EDOM_
00407634*      __set_ERANGE_
00407648*      __set_EINVAL_
00407658*      __set_doserrno_
Module: E:\lib386\nt\clib3r.lib(iob)
004179b0*      ___iob
00417bb8*      ___tmpfnext
00417bbc*      __fmode
00419650*      ___OpenStreams
00419654*      ___ClosedStreams
Module: E:\lib386\nt\clib3r.lib(tolower)
00407670*      tolower_
Module: E:\lib386\nt\clib3r.lib(openwnt)
00407680*      open_
004076a4*      sopen_
Module: E:\lib386\nt\clib3r.lib(allocfp)
00407900*      __allocfp_
004079c4*      __freefp_
00407a00*      __purgefp_
Module: E:\lib386\nt\clib3r.lib(fseek)
00407a88*      fseek_
Module: E:\lib386\nt\clib3r.lib(chktty)
00407c00*      __chktty_
Module: E:\lib386\nt\clib3r.lib(winrtns)
00417bc0*      __WindowsIsWindowedHandle
00417bc4*      __WindowsRemoveWindowedHandle
00417bc8*      __WindowsNewWindow
00417bcc*      __WindowsCloseWindow
00417bd0*      __WindowsSetAbout
00417bd4*      __WindowsSetAppTitle
00417bd8*      __WindowsSetConTitle
00417bdc*      __WindowsDestroyOnClose
00417be0*      __WindowsYieldControl
00417be4*      __WindowsShutDown
00417be8*      __WindowsStdin
00417bec*      __WindowsStdout
00417bf0*      __WindowsKbhit
00417bf4*      __WindowsGetch
00417bf8*      __WindowsGetche
00417bfc*      __WindowsPutch
00417c00*      __WindowExitRtn
Module: E:\lib386\nt\clib3r.lib(ioalloc)
00407c40*      __ioalloc_
Module: E:\lib386\nt\clib3r.lib(flush)
00407cd0*      __flush_
Module: E:\lib386\nt\clib3r.lib(fprtf)
00407e04*      __fprtf_
Module: E:\lib386\nt\clib3r.lib(gtpidwnt)
00407ed0*      getpid_
Module: E:\lib386\nt\clib3r.lib(tmpfl)
00407ee0*      tmpfile_
00407ff0*      __GetTmpPath_
Module: E:\lib386\nt\clib3r.lib(ftell)
004080c0*      ftell_
Module: E:\lib386\nt\clib3r.lib(lseekwnt)
00408120*      lseek_
Module: E:\lib386\nt\clib3r.lib(_clsewnt)
004081a0*      __close_
Module: E:\lib386\nt\clib3r.lib(nfree)
00408230*      _nfree_
00408230*      free_
00419660+      ___MiniHeapFreeRover
Module: E:\lib386\nt\clib3r.lib(remove)
00408340*      remove_
Module: E:\lib386\nt\clib3r.lib(bits)
00408350*      __setbits_
004108e8*      __Bits
Module: E:\lib386\nt\clib3r.lib(wmainwnt)
004083a0*      __WinMain
Module: E:\lib386\nt\clib3r.lib(segdefns)
00401003*      ___begtext
00410000*      __nullarea
00418200*      __Start_XI
00418224*      __End_XI
00418224*      __Start_YI
00418242*      __End_YI
Module: E:\lib386\nt\clib3r.lib(nthdl)
00417d1c*      ___FileHandleIDs
00417d24+      ___FakeFileHandles
00408450*      __NTAtMaxFiles_
004084a4*      __NTAddFileHandle_
00408528*      __NTAddSpecificFileHandle_
004085fc*      __NTRemoveFileHandle_
00408630*      __NTInitFileHandles_
00408690*      __NTGetFakeHandle_
Module: E:\lib386\nt\clib3r.lib(enterdb)
00408770*      __EnterWVIDEO_
00417d30+      ___WD_Present
Module: E:\lib386\nt\clib3r.lib(mthread)
004087a4+      __NTGetCriticalSection_
00408848+      __NTDeleteCriticalSection_
00408878+      __NTFreeCriticalSection_
004088d0+      __CloseSemaphore_
004088e0+      __AccessIOB_
004088ec+      __ReleaseIOB_
004088f8+      __AccessFileH_
00408908+      __ReleaseFileH_
00408918+      __InitAccessH_
00408920+      __FiniAccessH_
0040893c+      __AccessNHeap_
00408944+      __ReleaseNHeap_
00408950+      __AccessFHeap_
00408958+      __ReleaseFHeap_
00408964+      __AccessTDList_
0040896c+      __ReleaseTDList_
00408974+      __AccessFList_
0040897c+      __AccessSemaphore_
004089d8+      __ReleaseFList_
004089e0+      __ReleaseSemaphore_
00408a08+      __MultipleThread_
00408a4c*      __AllocInitThreadData_
00408a88*      __NTThreadInit_
00408ae8*      __NTAddThread_
00408b3c+      __NTRemoveThread_
00408ba0+      __NTThreadFini_
00408bc4*      __InitMultipleThread_
00417d34+      ___AccessSema4
00417d38+      ___ReleaseSema4
00417d3c+      ___CloseSema4
Module: E:\lib386\nt\clib3r.lib(crwdata)
00417d60*      __psp
00417d8b*      __osmajor
00417d8c*      __osminor
00417d8d*      __osbuild
00417d8f*      __osver
00417d93*      __winmajor
00417d97*      __winminor
00417d9b*      __winver
00417d82*      __Extender
00417d83*      __ExtenderSubtype
00417d84*      __X32VM
00417d64*      __x386_stacklow
00417d48*      __LpCmdLine
00417d4c*      __LpPgmName
00417d50*      __LpDllName
00417d54*      __LpwCmdLine
00417d58*      __LpwPgmName
00417d5c*      __LpwDllName
00417d40*      __dynend
00417d44*      __curbrk
00417d64*      __STACKLOW
00417d68*      __STACKTOP
00417d6c*      __ASTACKSIZ
00417d70*      __ASTACKPTR
00417d74*      __cbyte
00417d78*      __cbyte2
00417d7c*      __child
00417d85*      __Envptr
00417d89*      __Envseg
00417d80*      __no87
00417d9f*      __FPE_handler
00417d9f*      ___FPE_handler
Module: E:\lib386\nt\clib3r.lib(environ)
00419de0*      ___env_mask
00419de4*      _environ
00419de8*      __wenviron
Module: E:\lib386\nt\clib3r.lib(getmodfn)
00408d60*      __lib_GetModuleFileNameW_
Module: E:\lib386\nt\clib3r.lib(strdup)
00408e00*      __clib_strdup_
Module: E:\lib386\nt\clib3r.lib(istable)
00417da4*      __IsTable
Module: E:\lib386\nt\clib3r.lib(ustrdup)
00408e50*      __clib_wcsdup_
Module: E:\lib386\nt\clib3r.lib(stklmwnt)
00408e80*      __init_stack_limits_
Module: E:\lib386\nt\clib3r.lib(excptwnt)
00409168+      ___ExceptionFilter
00409330*      __NewExceptionHandler_
0040937c*      __DoneExceptionHandler_
00417ea8+      ___oscode_check_func
00417eac+      ___raise_func
00419df0*      _sw
00419df4+      ___ExceptionHandled
Module: E:\lib386\nt\clib3r.lib(initrtns)
004093ac*      __InitRtns
004093fc*      __FiniRtns
Module: E:\lib386\nt\clib3r.lib(prtf)
00409450*      __prtf_
Module: E:\lib386\nt\clib3r.lib(mbisdbcs)
00419e00*      ___IsDBCS
Module: E:\lib386\nt\clib3r.lib(mbislead)
0040a2a0*      _ismbblead_
00419e10*      ___MBCSIsTable
Module: E:\lib386\nt\clib3r.lib(mbtowc)
0040a2c0*      mbtowc_
Module: E:\lib386\nt\clib3r.lib(memset)
0040a360*      memset_
Module: E:\lib386\nt\clib3r.lib(noefgfmt)
00417ec4*      ___EFG_printf
00417ec8*      ___EFG_scanf
Module: E:\lib386\nt\clib3r.lib(fdfs)
0040a392*      __FDFS
Module: E:\lib386\nt\clib3r.lib(i8m)
0040a3de*      __I8M
0040a3de*      __U8M
Module: E:\lib386\nt\clib3r.lib(initfile)
0040a400*      __InitFiles_
Module: E:\lib386\nt\clib3r.lib(ioexit)
0040a4a0*      __full_io_exit_
0040a4ac*      fcloseall_
Module: E:\lib386\nt\clib3r.lib(ntfio)
0040a510*      __GetNTCreateAttr_
0040a540*      __GetNTAccessAttr_
0040a574*      __GetNTShareAttr_
Module: E:\lib386\nt\clib3r.lib(stricmp)
0040a5d0*      stricmp_
Module: E:\lib386\nt\clib3r.lib(umaskval)
00417ecc*      ___umaskval
Module: E:\lib386\nt\clib3r.lib(dosret)
0040a610*      _dosret0_
0040a618*      _dosretax_
0040a61c+      __set_errno_dos_
0040a684*      __set_errno_nt_
Module: E:\lib386\nt\clib3r.lib(iomode)
0040a6a0*      __IOMode_
0040a6f8*      __SetIOMode_
00417ee4*      ___NFiles
00417ee8+      ___init_mode
00417f38+      __iomode
Module: E:\lib386\nt\clib3r.lib(isattwnt)
0040a720*      isatty_
Module: E:\lib386\nt\clib3r.lib(nmalloc)
0040a790*      _nmalloc_
0040a790*      malloc_
00417f3c*      ___nheapbeg
00417f40*      ___MiniHeapRover
00417f44*      ___LargestSizeB4MiniHeapRover
Module: E:\lib386\nt\clib3r.lib(tellwnt)
0040a880*      tell_
Module: E:\lib386\nt\clib3r.lib(qwrit)
0040a8e0*      __qwrite_
Module: E:\lib386\nt\clib3r.lib(fsync)
0040a9d0*      fsync_
Module: E:\lib386\nt\clib3r.lib(accsswnt)
0040aa30*      access_
Module: E:\lib386\nt\clib3r.lib(errno)
0040aa70*      __get_errno_ptr_
0040aa7c*      __get_doserrno_ptr_
Module: E:\lib386\nt\clib3r.lib(renamwnt)
0040aa90*      rename_
Module: E:\lib386\nt\clib3r.lib(getenv)
0040aab0*      getenv_
Module: E:\lib386\nt\clib3r.lib(fullpath)
0040ab10*      _fullpath_
Module: E:\lib386\nt\clib3r.lib(gtcwdwnt)
0040abc0*      getcwd_
Module: E:\lib386\nt\clib3r.lib(fflush)
0040ac60*      fflush_
Module: E:\lib386\nt\clib3r.lib(mem)
0040ac70*      __MemAllocator
0040ad20*      __MemFree
Module: E:\lib386\nt\clib3r.lib(heapmod)
00419f20*      ___nheap_clean
00419f21*      ___fheap_clean
Module: E:\lib386\nt\clib3r.lib(unlnkwnt)
0040ae50*      unlink_
Module: E:\lib386\nt\clib3r.lib(regdata)
0040ae70*      __RegisterThreadDataSize_
00417f48*      ___ThreadDataSize
Module: E:\lib386\nt\clib3r.lib(stackwnt)
0040aea0*      stackavail_
Module: E:\lib386\nt\clib3r.lib(cinit)
0040aeb0*      __CommonInit_
Module: E:\lib386\nt\clib3r.lib(exit)
0040aec0+      __null_int23_exit_
0040aec4*      exit_
0040af0c+      _exit_
00417f4c+      ___int23_exit
00417f50+      ___FPE_handler_exit
Module: E:\lib386\nt\clib3r.lib(dosseg)
00001234*      __DOSseg__
Module: E:\lib386\nt\clib3r.lib(nrealloc)
0040af40*      _nrealloc_
0040af40*      realloc_
Module: E:\lib386\nt\clib3r.lib(calloc)
0040afc0*      calloc_
Module: E:\lib386\nt\clib3r.lib(trdlist)
0040afe0*      __GetThreadData_
0040b01c*      __ReallocThreadData_
0040b0f0*      __AddThreadData_
0040b154*      __RemoveThreadData_
0040b1a0*      __ResizeThreadDataList_
0040b1c8*      __FreeThreadDataList_
Module: E:\lib386\nt\clib3r.lib(mthrdini)
0040b200*      __InitThreadData_
Module: E:\lib386\nt\clib3r.lib(trdalloc)
0040b230*      __FiniThreadProcessing_
Module: E:\lib386\nt\clib3r.lib(nheapmin)
0040b240*      _nheapshrink_
0040b240*      _nheapmin_
0040b240*      _heapmin_
0040b240*      _heapshrink_
Module: E:\lib386\nt\clib3r.lib(setenvp)
0040b318*      __setenvp_
0040b3fc*      __freeenvp_
Module: E:\lib386\nt\clib3r.lib(ustrlen)
0040b450*      wcslen_
Module: E:\lib386\nt\clib3r.lib(memcpy)
0040b470*      memcpy_
Module: E:\lib386\nt\clib3r.lib(conutwnt)
0040b4a0*      __NTRealKey_
0040b538*      __NTConsoleInput_
0040b544*      __NTConsoleOutput_
Module: E:\lib386\nt\clib3r.lib(fclex387)
0040b550*      _ClearFPE_
Module: E:\lib386\nt\clib3r.lib(signlwnt)
00417f5c+      _SignalTable
0040b560+      __SetSignalFunc_
0040b5a8+      __GetSignalFunc_
0040b5cc+      __GetSignalOSCode_
0040b5f0+      __CheckSignalExCode_
0040b718+      __sigabort_
0040b724*      __sigfpe_handler_
0040b768*      signal_
0040b818+      raise_
0040b888+      __SigInit_
0040b8d0+      __SigFini_
0040b900+      __sig_init_
Module: E:\lib386\nt\clib3r.lib(wctomb)
0040b920*      wctomb_
Module: E:\lib386\nt\clib3r.lib(itoa)
0040b960+      utoa_
0040b9ac*      itoa_
Module: E:\lib386\nt\clib3r.lib(lltoa)
0040b9d0*      __clib_ulltoa_
0040ba68*      __clib_lltoa_
Module: E:\lib386\nt\clib3r.lib(ltoa)
0040bac0*      ultoa_
0040bb0c*      ltoa_
Module: E:\lib386\nt\clib3r.lib(toupper)
0040bb30*      toupper_
Module: E:\lib386\nt\clib3r.lib(mbinit)
0040bb40*      __mbinit_
00418040*      ___MBCodePage
Module: E:\lib386\nt\clib3r.lib(mbclen)
0040bcb0*      _mbclen_
Module: E:\lib386\nt\clib3r.lib(__stos)
0040bce0*      __STOSB
0040bd17*      __STOSD
Module: E:\lib386\nt\clib3r.lib(grownear)
0040bec4*      __ExpandDGROUP_
Module: E:\lib386\nt\clib3r.lib(nmemneed)
0040bf30*      __nmemneed_
Module: E:\lib386\nt\clib3r.lib(mbsnicmp)
0040bf40*      _mbsnicmp_
Module: E:\lib386\nt\clib3r.lib(flushall)
0040bfc0*      flushall_
0040bfc8*      __flushall_
Module: E:\lib386\nt\clib3r.lib(nmsize)
0040c010*      _nmsize_
0040c010*      _msize_
Module: E:\lib386\nt\clib3r.lib(nexpand)
0040c020*      _nexpand_
0040c020*      _expand_
0040c05c+      __HeapManager_expand_
Module: E:\lib386\nt\clib3r.lib(register)
0040c224*      _beginthread_
0040c22c*      _endthread_
0040c234*      __initthread_
0040c23c*      __RegisterThreadData_
Module: E:\lib386\nt\clib3r.lib(dofilstr)
0040c280*      __ParsePosixHandleStr_
Module: E:\lib386\nt\clib3r.lib(clearenv)
0040c3a0*      clearenv_
Module: E:\lib386\nt\clib3r.lib(abort)
0040c440*      abort_
0040c448*      __terminate_
00418050*      ___abort
Module: E:\lib386\nt\clib3r.lib(cntrl87)
0040c460*      _control87_
Module: E:\lib386\nt\clib3r.lib(i8d)
0040c4ac*      __I8D
0040c501*      __U8D
Module: E:\lib386\nt\clib3r.lib(heapen)
0040c590*      _heapenable_
00418054*      ___heap_enabled
Module: E:\lib386\nt\clib3r.lib(amblksiz)
00418058*      __amblksiz
Module: E:\lib386\nt\clib3r.lib(mbterm)
0040c5c0*      _mbterm_
Module: E:\lib386\nt\clib3r.lib(mbcicmp)
0040c600*      _mbcicmp_
Module: E:\lib386\nt\clib3r.lib(mbsinc)
0040c660*      _mbsinc_
Module: E:\lib386\nt\clib3r.lib(thredwnt)
0040c724*      __CBeginThread_
0040c810*      __CEndThread_
Module: E:\lib386\nt\clib3r.lib(strtol)
0040c994*      strtoul_
0040c9a0*      strtol_
Module: E:\lib386\nt\clib3r.lib(putenv)
0040ca10*      putenv_
0040cbcc+      __putenv_
Module: E:\lib386\nt\clib3r.lib(01h)
004180e8*      __8087
004180e9*      __real87
Module: E:\lib386\nt\clib3r.lib(mbccpy)
0040ce80*      _mbccpy_
Module: E:\lib386\nt\clib3r.lib(mbsupr)
0040cec0*      _mbsupr_
Module: E:\lib386\nt\clib3r.lib(mbccmp)
0040cf10*      _mbccmp_
Module: E:\lib386\nt\clib3r.lib(mbschr)
0040cf70*      _mbschr_
Module: E:\lib386\nt\clib3r.lib(mbslen)
0040cfd0*      _mbslen_
Module: E:\lib386\nt\clib3r.lib(mbstowcs)
0040d000*      mbstowcs_
Module: E:\lib386\nt\clib3r.lib(uputenv)
0040d080*      _wputenv_
0040d218*      __wputenv_
Module: E:\lib386\nt\clib3r.lib(memmove)
0040d4b0*      memmove_
Module: E:\lib386\nt\clib3r.lib(chk8087)
0040d50c+      __init_8087_
0040d540*      _fpreset_
0040d54c*      __chk8087_
Module: E:\lib386\nt\clib3r.lib(mbsnextc)
0040d590*      _mbsnextc_
Module: E:\lib386\nt\clib3r.lib(mbcupper)
0040d5d0*      _mbctoupper_
Module: E:\lib386\nt\clib3r.lib(mbconv)
0040d640*      _mbvtop_
Module: E:\lib386\nt\clib3r.lib(ustrchr)
0040d660*      wcschr_
Module: E:\lib386\nt\clib3r.lib(setenvar)
0040d690*      __lib_SetEnvironmentVariableW_
Module: E:\lib386\nt\clib3r.lib(crtwenv)
0040d790*      __create_wide_environment_
Module: E:\lib386\nt\clib3r.lib(wcstombs)
0040d7f0*      wcstombs_
Module: E:\lib386\nt\clib3r.lib(utoupper)
0040d8b0*      towupper_
Module: E:\lib386\nt\clib3r.lib(save8087)
004180ec*      ___Save8087
004180f0*      ___Rest8087
Module: E:\lib386\nt\clib3r.lib(8087cw)
004180f4*      __8087cw
Module: E:\lib386\nt\clib3r.lib(init8087)
0040d8d0*      __init_80x87
Module: E:\lib386\nt\clib3r.lib(mbdtoupp)
0040d900*      _mbdtoupper_
Module: E:\lib386\nt\clib3r.lib(ismbdlow)
0040d920*      _ismbdlower_
Module: E:\lib386\nt\clib3r.lib(mbislegl)
0040d970*      _ismbclegal_
Module: E:\lib386\nt\clib3r.lib(mbistrai)
0040d9b0*      _ismbbtrail_
Module: E:\lib386\nt\clib3r.lib(isktable)
004180f8*      __IsKTable
Module: E:\lib386\nt\clib3r.lib(fgets)
0040d9f0       fgets_
Module: E:\lib386\nt\clib3r.lib(fgetc)
0040da70*      fgetc_
0040db38+      __filbuf_
0040db68+      __fill_buffer_
Module: E:\lib386\nt\clib3r.lib(gtchewnt)
0040dc30*      getche_
Module: E:\lib386\nt\clib3r.lib(qread)
0040dc60*      __qread_
Module: E:\lib386\nt\clib3r.lib(getchwnt)
0040de24*      getch_
Module: E:\lib386\nt\clib3r.lib(putchwnt)
0040dea0*      putch_


                        +----------------------+
                        |   Imported Symbols   |
                        +----------------------+

Symbol                              Module
======                              ======

_ioctlsocket@12                     WSOCK32.dll
_recv@16                            WSOCK32.dll
_WSAStartup@8                       WSOCK32.dll
_WSACleanup@0                       WSOCK32.dll
_htons@4                            WSOCK32.dll
_inet_addr@4                        WSOCK32.dll
_socket@12                          WSOCK32.dll
_connect@12                         WSOCK32.dll
_WSAGetLastError@0                  WSOCK32.dll
_send@16                            WSOCK32.dll
_SetStdHandle@8                     KERNEL32.dll
_GetStdHandle@4                     KERNEL32.dll
_CreateEventA@16                    KERNEL32.dll
_InitializeCriticalSection@4        KERNEL32.dll
_DeleteCriticalSection@4            KERNEL32.dll
_GetCurrentThreadId@0               KERNEL32.dll
_EnterCriticalSection@4             KERNEL32.dll
_LeaveCriticalSection@4             KERNEL32.dll
_GetLastError@0                     KERNEL32.dll
_TlsGetValue@4                      KERNEL32.dll
_SetLastError@4                     KERNEL32.dll
_TlsAlloc@0                         KERNEL32.dll
_TlsSetValue@8                      KERNEL32.dll
_TlsFree@4                          KERNEL32.dll
_GetModuleFileNameW@12              KERNEL32.dll
_MultiByteToWideChar@24             KERNEL32.dll
_VirtualQuery@12                    KERNEL32.dll
_LoadLibraryA@4                     KERNEL32.dll
_GetProcAddress@8                   KERNEL32.dll
_UnhandledExceptionFilter@4         KERNEL32.dll
_SetUnhandledExceptionFilter@4      KERNEL32.dll
_GetFileType@4                      KERNEL32.dll
_FlushFileBuffers@4                 KERNEL32.dll
_GetFileAttributesA@4               KERNEL32.dll
_MoveFileA@8                        KERNEL32.dll
_GetFullPathNameA@16                KERNEL32.dll
_GetCurrentDirectoryA@8             KERNEL32.dll
_DeleteFileA@4                      KERNEL32.dll
_VirtualFree@12                     KERNEL32.dll
_FreeEnvironmentStringsA@4          KERNEL32.dll
_SetConsoleCtrlHandler@8            KERNEL32.dll
_WideCharToMultiByte@32             KERNEL32.dll
_GetACP@0                           KERNEL32.dll
_GetOEMCP@0                         KERNEL32.dll
_GetCPInfo@8                        KERNEL32.dll
_VirtualAlloc@16                    KERNEL32.dll
_SetEvent@4                         KERNEL32.dll
_GetCurrentThread@0                 KERNEL32.dll
_CreateThread@24                    KERNEL32.dll
_WaitForSingleObject@8              KERNEL32.dll
_ExitThread@4                       KERNEL32.dll
_SetEnvironmentVariableA@8          KERNEL32.dll
_CharUpperBuffA@8                   USER32.dll
_SetEnvironmentVariableW@8          KERNEL32.dll
_GetModuleHandleA@4                 KERNEL32.dll
_LoadBitmapA@8                      USER32.dll
_PostQuitMessage@4                  USER32.dll
_GetClientRect@8                    USER32.dll
_GetObjectA@12                      GDI32.dll
_CreateWindowExA@48                 USER32.dll
_BeginPaint@8                       USER32.dll
_CreateCompatibleDC@4               GDI32.dll
_SelectObject@8                     GDI32.dll
_BitBlt@36                          GDI32.dll
_DeleteDC@4                         GDI32.dll
_EndPaint@8                         USER32.dll
_DestroyWindow@4                    USER32.dll
_DefWindowProcA@16                  USER32.dll
_LoadCursorA@8                      USER32.dll
_LoadIconA@8                        USER32.dll
_RegisterClassA@4                   USER32.dll
_GetDlgItemTextA@16                 USER32.dll
_SetDlgItemTextA@12                 USER32.dll
_MessageBoxA@16                     USER32.dll
_GetMessageA@16                     USER32.dll
_TranslateMessage@4                 USER32.dll
_DispatchMessageA@4                 USER32.dll
_SetTimer@16                        USER32.dll
_GetDlgItem@8                       USER32.dll
_SendMessageA@16                    USER32.dll
_WriteFile@20                       KERNEL32.dll
_ExitProcess@4                      KERNEL32.dll
_GetEnvironmentStrings@0            KERNEL32.dll
_GetVersion@0                       KERNEL32.dll
_GetModuleFileNameA@12              KERNEL32.dll
_GetCommandLineA@0                  KERNEL32.dll
_GetCommandLineW@0                  KERNEL32.dll
_CreateFileA@28                     KERNEL32.dll
_CloseHandle@4                      KERNEL32.dll
_GetCurrentProcessId@0              KERNEL32.dll
_SetFilePointer@16                  KERNEL32.dll
_ReadFile@20                        KERNEL32.dll
_ReadConsoleInputA@16               KERNEL32.dll
_GetConsoleMode@8                   KERNEL32.dll
_SetConsoleMode@8                   KERNEL32.dll
_WriteConsoleA@20                   KERNEL32.dll


                        +--------------------+
                        |   Libraries Used   |
                        +--------------------+



                        +-----------------------+
                        |   Linker Statistics   |
                        +-----------------------+

Stack size:  00010000 (65536.)
Memory size:  00027a36 (162358.)
Entry point address: 004061b6
Link time: 00:00.01
