WATCOM Linker Version 11.0
Copyright by Sybase, Inc., and its subsidiaries, 1985, 1997.
Created on:       26/06/14 13:33:03
Executable Image: auc9x.exe
creating a Windows NT windowed executable


                        +------------+
                        |   Groups   |
                        +------------+

Group                           Address              Size
=====                           =======              ====

.idata                          00411000             000009fa
DGROUP                          00412000             0001af60



                        +--------------+
                        |   Segments   |
                        +--------------+

Segment                Class          Group          Address         Size
=======                =====          =====          =======         ====

BEGTEXT                CODE           AUTO           00401000        00000007
_TEXT                  CODE           AUTO           00401010        0000f5f0
TRANSFER CODE          CODE           AUTO           00410600        00000258
.idata                 .idata         .idata         00411000        000009fa
_NULL                  BEGDATA        DGROUP         00412000        00000004
_AFTERNULL             BEGDATA        DGROUP         00412004        00000000
CONST                  DATA           DGROUP         00412004        0000091c
CONST2                 DATA           DGROUP         00412920        0000004c
_DATA                  DATA           DGROUP         0041296c        00008911
XIB                    DATA           DGROUP         0041b27e        00000000
XI                     DATA           DGROUP         0041b27e        00000024
XIE                    DATA           DGROUP         0041b2a2        00000000
YIB                    DATA           DGROUP         0041b2a2        00000000
YI                     DATA           DGROUP         0041b2a2        0000001e
YIE                    DATA           DGROUP         0041b2c0        00000000
TIB                    DATA           DGROUP         0041b2c0        00000000
TI                     DATA           DGROUP         0041b2c0        00000000
TIE                    DATA           DGROUP         0041b2c0        00000000
DATA                   DATA           DGROUP         0041b2c0        00000000
_BSS                   BSS            DGROUP         0041c010        00000f50
STACK                  STACK          DGROUP         0041cf60        00010000


                        +----------------+
                        |   Memory Map   |
                        +----------------+

* = unreferenced symbol
+ = symbol only referenced locally

Address        Symbol
=======        ======

Module: credits.obj(D:\aurorachat\credits.c)
00401010+      _Credits_WP@16
0040120d*      Credits_init_
00401293*      Credits_spawn_
00412920+      _CREDITS_WINCLASS
0041c010+      _Credits_creditbmp
Module: ipsetup.obj(D:\aurorachat\ipsetup.c)
004012f2+      _IPSetup_WP@16
00401639*      IPSetup_init_
004016bf*      IPSetup_spawn_
0041292c+      _IPSETUP_WINCLASS
Module: login.obj(D:\aurorachat\login.c)
00402042+      Login_startswith_
004020ca+      Login_saveUserData_
00402194+      _Login_WP@16
00402909+      Login_createWC_
0040298f*      Login_main_
00412938+      _LOGIN_WINCLASS
00412942+      _Login_versionstr
0041296c       _Login_tokenbuf
0041396c       _Login_targetip
004139ac       _Login_httpport
004139ae       _Login_tcpport
004139b0+      _Login_done
0041c014+      _Login_logobmp
Module: main.obj(D:\aurorachat\main.c)
00402af1*      _WinMain@16
Module: rooms.obj(D:\aurorachat\rooms.c)
00405b55+      _Rooms_MsgEditBoxProc@16
00405bff+      _Rooms_WP@16
004064b4       Rooms_init_
0040653a       Rooms_main_
0041294c+      _ROOMS_WINCLASS
004139b4+      _Rooms_roombuf
004149b4+      _Rooms_roomname
004159b4+      _Rooms_v6socket
004159b8+      _Rooms_messagebuffer
004199b9+      _Rooms_lastmsgbuflen
0041c018+      _Rooms_OldMsgEditBoxProc
Module: rules.obj(D:\aurorachat\rules.c)
00407661+      _Rules_WP@16
00407787*      Rules_init_
0040780d       Rules_main_
00412958+      _RULES_WINCLASS
004199c0+      _Rules_rulebuf
Module: v6.obj(D:\aurorachat\v6.c)
00407989*      V6_init_
004079ea*      V6_end_
00407a10       V6_connect_
00407a99*      V6_stripline_
00407add       V6_onconnecterr_
00407b3c+      V6_httppost_
00407d84*      V6_loginrequest_
00407dfc*      V6_signuprequest_
00407e74       V6_roomrequest_
00407ec3       V6_messagerequest_
00407f39*      V6_rulesrequest_
Module: E:\lib386\nt\clib3r.lib(stk)
00407f8d       __CHK
00407f9d*      __STK
00407fbc*      __STKOVERFLOW_
00407fcc*      __GRO
00407fec*      __alloca_probe
Module: E:\lib386\nt\clib3r.lib(_isnprin)
00408000       _snprintf_
Module: E:\lib386\nt\clib3r.lib(sscanf)
00408040+      vsscanf_
00408068       sscanf_
Module: E:\lib386\nt\clib3r.lib(strlen)
00408090       strlen_
Module: E:\lib386\nt\clib3r.lib(fopen)
004080b0+      __open_flags_
004082d4+      _fsopen_
00408318*      fopen_
004083ac*      freopen_
Module: E:\lib386\nt\clib3r.lib(fputs)
00408430*      fputs_
Module: E:\lib386\nt\clib3r.lib(fputc)
004084d0*      fputc_
Module: E:\lib386\nt\clib3r.lib(fprintf)
004085f0*      fprintf_
Module: E:\lib386\nt\clib3r.lib(fclose)
00408620*      fclose_
00408664+      __shutdown_stream_
00408688+      __MkTmpFile_
00408734*      __doclose_
Module: E:\lib386\nt\clib3r.lib(fgets)
00408800*      fgets_
Module: E:\lib386\nt\clib3r.lib(strtok)
00408880       strtok_
Module: E:\lib386\nt\clib3r.lib(cstrtwwt)
00408926*      _wstart_
00408926*      _wstart2_
00408926*      WinMainCRTStartup
Module: E:\lib386\nt\clib3r.lib(strncpy)
004089a0       strncpy_
Module: E:\lib386\nt\clib3r.lib(strncat)
004089d0       strncat_
Module: E:\lib386\nt\clib3r.lib(strncmp)
00408a10       strncmp_
Module: E:\lib386\nt\clib3r.lib(xmsgwnt)
00408a40+      __exit_with_msg_
00408a7c*      __fatal_runtime_error_
Module: E:\lib386\nt\clib3r.lib(mainwnt)
0041c020+      ___Is_DLL
0041a9d4*      ___TlsIndex
0041a9d8*      ___GetThreadPtr
0041a9dc*      __AccessFileH
0041a9e0*      __ReleaseFileH
0041a9e4*      __InitAccessH
0041a9e8*      __FiniAccessH
0041a9ec*      __AccessIOB
0041a9f0*      __ReleaseIOB
0041a9f4*      __AccessNHeap
0041a9f8*      __AccessFHeap
0041a9fc*      __ReleaseNHeap
00408aa0*      __threadid_
00408ab4+      __sig_null_rtn_
00408ac8+      __NTInit_
00408cf8*      __NTMainInit_
00408d4c*      __exit_
0041aa00*      __ReleaseFHeap
0041aa04*      __AccessTDList
0041aa08*      __ReleaseTDList
0041aa0c*      __AccessFList
0041aa10*      __ReleaseFList
0041aa14+      __ThreadExitRtn
0041aa18+      ___sig_init_rtn
0041aa1c*      ___sig_fini_rtn
0041aa20+      ___process_fini
0041c02c+      ___FirstThreadData
Module: E:\lib386\nt\clib3r.lib(bprintf)
00408df0+      _vbprintf_
00408e1c*      _bprintf_
Module: E:\lib386\nt\clib3r.lib(scnf)
00408e60*      __scnf_
Module: E:\lib386\nt\clib3r.lib(comtflag)
00409d70*      __set_commode_
0041aa2c*      __commode
Module: E:\lib386\nt\clib3r.lib(seterrno)
00409d80*      __set_errno_
00409d90*      __set_EDOM_
00409da4*      __set_ERANGE_
00409db8*      __set_EINVAL_
00409dc8*      __set_doserrno_
Module: E:\lib386\nt\clib3r.lib(iob)
0041aa30*      ___iob
0041ac38*      ___tmpfnext
0041ac3c*      __fmode
0041c650*      ___OpenStreams
0041c654*      ___ClosedStreams
Module: E:\lib386\nt\clib3r.lib(tolower)
00409de0*      tolower_
Module: E:\lib386\nt\clib3r.lib(openwnt)
00409df0*      open_
00409e14*      sopen_
Module: E:\lib386\nt\clib3r.lib(allocfp)
0040a070*      __allocfp_
0040a134*      __freefp_
0040a170*      __purgefp_
Module: E:\lib386\nt\clib3r.lib(fseek)
0040a1f8*      fseek_
Module: E:\lib386\nt\clib3r.lib(chktty)
0040a370*      __chktty_
Module: E:\lib386\nt\clib3r.lib(winrtns)
0041ac40*      __WindowsIsWindowedHandle
0041ac44*      __WindowsRemoveWindowedHandle
0041ac48*      __WindowsNewWindow
0041ac4c*      __WindowsCloseWindow
0041ac50*      __WindowsSetAbout
0041ac54*      __WindowsSetAppTitle
0041ac58*      __WindowsSetConTitle
0041ac5c*      __WindowsDestroyOnClose
0041ac60*      __WindowsYieldControl
0041ac64*      __WindowsShutDown
0041ac68*      __WindowsStdin
0041ac6c*      __WindowsStdout
0041ac70*      __WindowsKbhit
0041ac74*      __WindowsGetch
0041ac78*      __WindowsGetche
0041ac7c*      __WindowsPutch
0041ac80*      __WindowExitRtn
Module: E:\lib386\nt\clib3r.lib(ioalloc)
0040a3b0*      __ioalloc_
Module: E:\lib386\nt\clib3r.lib(flush)
0040a440*      __flush_
Module: E:\lib386\nt\clib3r.lib(fprtf)
0040a574*      __fprtf_
Module: E:\lib386\nt\clib3r.lib(gtpidwnt)
0040a640*      getpid_
Module: E:\lib386\nt\clib3r.lib(tmpfl)
0040a650*      tmpfile_
0040a760*      __GetTmpPath_
Module: E:\lib386\nt\clib3r.lib(ftell)
0040a830*      ftell_
Module: E:\lib386\nt\clib3r.lib(lseekwnt)
0040a890*      lseek_
Module: E:\lib386\nt\clib3r.lib(_clsewnt)
0040a910*      __close_
Module: E:\lib386\nt\clib3r.lib(nfree)
0040a9a0*      _nfree_
0040a9a0*      free_
0041c660+      ___MiniHeapFreeRover
Module: E:\lib386\nt\clib3r.lib(remove)
0040aab0*      remove_
Module: E:\lib386\nt\clib3r.lib(fgetc)
0040aac0*      fgetc_
0040ab88+      __filbuf_
0040abb8+      __fill_buffer_
Module: E:\lib386\nt\clib3r.lib(bits)
0040ac80*      __setbits_
00412964*      __Bits
Module: E:\lib386\nt\clib3r.lib(wmainwnt)
0040acd0*      __WinMain
Module: E:\lib386\nt\clib3r.lib(segdefns)
00401003*      ___begtext
00412000*      __nullarea
0041b27e*      __Start_XI
0041b2a2*      __End_XI
0041b2a2*      __Start_YI
0041b2c0*      __End_YI
Module: E:\lib386\nt\clib3r.lib(nthdl)
0041ad9c*      ___FileHandleIDs
0041ada4+      ___FakeFileHandles
0040ad80*      __NTAtMaxFiles_
0040add4*      __NTAddFileHandle_
0040ae58*      __NTAddSpecificFileHandle_
0040af2c*      __NTRemoveFileHandle_
0040af60*      __NTInitFileHandles_
0040afc0*      __NTGetFakeHandle_
Module: E:\lib386\nt\clib3r.lib(enterdb)
0040b0a0*      __EnterWVIDEO_
0041adb0+      ___WD_Present
Module: E:\lib386\nt\clib3r.lib(mthread)
0040b0d4+      __NTGetCriticalSection_
0040b178+      __NTDeleteCriticalSection_
0040b1a8+      __NTFreeCriticalSection_
0040b200+      __CloseSemaphore_
0040b210+      __AccessIOB_
0040b21c+      __ReleaseIOB_
0040b228+      __AccessFileH_
0040b238+      __ReleaseFileH_
0040b248+      __InitAccessH_
0040b250+      __FiniAccessH_
0040b26c+      __AccessNHeap_
0040b274+      __ReleaseNHeap_
0040b280+      __AccessFHeap_
0040b288+      __ReleaseFHeap_
0040b294+      __AccessTDList_
0040b29c+      __ReleaseTDList_
0040b2a4+      __AccessFList_
0040b2ac+      __AccessSemaphore_
0040b308+      __ReleaseFList_
0040b310+      __ReleaseSemaphore_
0040b338+      __MultipleThread_
0040b37c*      __AllocInitThreadData_
0040b3b8*      __NTThreadInit_
0040b418*      __NTAddThread_
0040b46c+      __NTRemoveThread_
0040b4d0+      __NTThreadFini_
0040b4f4*      __InitMultipleThread_
0041adb4+      ___AccessSema4
0041adb8+      ___ReleaseSema4
0041adbc+      ___CloseSema4
Module: E:\lib386\nt\clib3r.lib(crwdata)
0041ade0*      __psp
0041ae0b*      __osmajor
0041ae0c*      __osminor
0041ae0d*      __osbuild
0041ae0f*      __osver
0041ae13*      __winmajor
0041ae17*      __winminor
0041ae1b*      __winver
0041ae02*      __Extender
0041ae03*      __ExtenderSubtype
0041ae04*      __X32VM
0041ade4*      __x386_stacklow
0041adc8*      __LpCmdLine
0041adcc*      __LpPgmName
0041add0*      __LpDllName
0041add4*      __LpwCmdLine
0041add8*      __LpwPgmName
0041addc*      __LpwDllName
0041adc0*      __dynend
0041adc4*      __curbrk
0041ade4*      __STACKLOW
0041ade8*      __STACKTOP
0041adec*      __ASTACKSIZ
0041adf0*      __ASTACKPTR
0041adf4*      __cbyte
0041adf8*      __cbyte2
0041adfc*      __child
0041ae05*      __Envptr
0041ae09*      __Envseg
0041ae00*      __no87
0041ae1f*      __FPE_handler
0041ae1f*      ___FPE_handler
Module: E:\lib386\nt\clib3r.lib(environ)
0041cde0*      ___env_mask
0041cde4*      _environ
0041cde8*      __wenviron
Module: E:\lib386\nt\clib3r.lib(getmodfn)
0040b690*      __lib_GetModuleFileNameW_
Module: E:\lib386\nt\clib3r.lib(strdup)
0040b730*      __clib_strdup_
Module: E:\lib386\nt\clib3r.lib(istable)
0041ae24*      __IsTable
Module: E:\lib386\nt\clib3r.lib(ustrdup)
0040b780*      __clib_wcsdup_
Module: E:\lib386\nt\clib3r.lib(stklmwnt)
0040b7b0*      __init_stack_limits_
Module: E:\lib386\nt\clib3r.lib(excptwnt)
0040ba98+      ___ExceptionFilter
0040bc60*      __NewExceptionHandler_
0040bcac*      __DoneExceptionHandler_
0041af28+      ___oscode_check_func
0041af2c+      ___raise_func
0041cdf0*      _sw
0041cdf4+      ___ExceptionHandled
Module: E:\lib386\nt\clib3r.lib(initrtns)
0040bcdc*      __InitRtns
0040bd2c*      __FiniRtns
Module: E:\lib386\nt\clib3r.lib(prtf)
0040bd80*      __prtf_
Module: E:\lib386\nt\clib3r.lib(mbisdbcs)
0041ce00*      ___IsDBCS
Module: E:\lib386\nt\clib3r.lib(mbislead)
0040cbd0*      _ismbblead_
0041ce10*      ___MBCSIsTable
Module: E:\lib386\nt\clib3r.lib(mbtowc)
0040cbf0*      mbtowc_
Module: E:\lib386\nt\clib3r.lib(memset)
0040cc90*      memset_
Module: E:\lib386\nt\clib3r.lib(noefgfmt)
0041af44*      ___EFG_printf
0041af48*      ___EFG_scanf
Module: E:\lib386\nt\clib3r.lib(fdfs)
0040ccc2*      __FDFS
Module: E:\lib386\nt\clib3r.lib(i8m)
0040cd0e*      __I8M
0040cd0e*      __U8M
Module: E:\lib386\nt\clib3r.lib(initfile)
0040cd30*      __InitFiles_
Module: E:\lib386\nt\clib3r.lib(ioexit)
0040cdd0*      __full_io_exit_
0040cddc*      fcloseall_
Module: E:\lib386\nt\clib3r.lib(ntfio)
0040ce40*      __GetNTCreateAttr_
0040ce70*      __GetNTAccessAttr_
0040cea4*      __GetNTShareAttr_
Module: E:\lib386\nt\clib3r.lib(stricmp)
0040cf00*      stricmp_
Module: E:\lib386\nt\clib3r.lib(umaskval)
0041af4c*      ___umaskval
Module: E:\lib386\nt\clib3r.lib(dosret)
0040cf40*      _dosret0_
0040cf48*      _dosretax_
0040cf4c+      __set_errno_dos_
0040cfb4*      __set_errno_nt_
Module: E:\lib386\nt\clib3r.lib(iomode)
0040cfd0*      __IOMode_
0040d028*      __SetIOMode_
0041af64*      ___NFiles
0041af68+      ___init_mode
0041afb8+      __iomode
Module: E:\lib386\nt\clib3r.lib(isattwnt)
0040d050*      isatty_
Module: E:\lib386\nt\clib3r.lib(nmalloc)
0040d0c0*      _nmalloc_
0040d0c0*      malloc_
0041afbc*      ___nheapbeg
0041afc0*      ___MiniHeapRover
0041afc4*      ___LargestSizeB4MiniHeapRover
Module: E:\lib386\nt\clib3r.lib(tellwnt)
0040d1b0*      tell_
Module: E:\lib386\nt\clib3r.lib(qwrit)
0040d210*      __qwrite_
Module: E:\lib386\nt\clib3r.lib(fsync)
0040d300*      fsync_
Module: E:\lib386\nt\clib3r.lib(accsswnt)
0040d360*      access_
Module: E:\lib386\nt\clib3r.lib(errno)
0040d3a0*      __get_errno_ptr_
0040d3ac*      __get_doserrno_ptr_
Module: E:\lib386\nt\clib3r.lib(renamwnt)
0040d3c0*      rename_
Module: E:\lib386\nt\clib3r.lib(getenv)
0040d3e0*      getenv_
Module: E:\lib386\nt\clib3r.lib(fullpath)
0040d440*      _fullpath_
Module: E:\lib386\nt\clib3r.lib(gtcwdwnt)
0040d4f0*      getcwd_
Module: E:\lib386\nt\clib3r.lib(fflush)
0040d590*      fflush_
Module: E:\lib386\nt\clib3r.lib(mem)
0040d5a0*      __MemAllocator
0040d650*      __MemFree
Module: E:\lib386\nt\clib3r.lib(heapmod)
0041cf20*      ___nheap_clean
0041cf21*      ___fheap_clean
Module: E:\lib386\nt\clib3r.lib(unlnkwnt)
0040d780*      unlink_
Module: E:\lib386\nt\clib3r.lib(flushall)
0040d7a0*      flushall_
0040d7a8*      __flushall_
Module: E:\lib386\nt\clib3r.lib(gtchewnt)
0040d7f0*      getche_
Module: E:\lib386\nt\clib3r.lib(qread)
0040d820*      __qread_
Module: E:\lib386\nt\clib3r.lib(regdata)
0040d8e0*      __RegisterThreadDataSize_
0041afc8*      ___ThreadDataSize
Module: E:\lib386\nt\clib3r.lib(stackwnt)
0040d910*      stackavail_
Module: E:\lib386\nt\clib3r.lib(cinit)
0040d920*      __CommonInit_
Module: E:\lib386\nt\clib3r.lib(exit)
0040d930+      __null_int23_exit_
0040d934*      exit_
0040d97c+      _exit_
0041afcc+      ___int23_exit
0041afd0+      ___FPE_handler_exit
Module: E:\lib386\nt\clib3r.lib(dosseg)
00001234*      __DOSseg__
Module: E:\lib386\nt\clib3r.lib(nrealloc)
0040d9b0*      _nrealloc_
0040d9b0*      realloc_
Module: E:\lib386\nt\clib3r.lib(calloc)
0040da30*      calloc_
Module: E:\lib386\nt\clib3r.lib(trdlist)
0040da50*      __GetThreadData_
0040da8c*      __ReallocThreadData_
0040db60*      __AddThreadData_
0040dbc4*      __RemoveThreadData_
0040dc10*      __ResizeThreadDataList_
0040dc38*      __FreeThreadDataList_
Module: E:\lib386\nt\clib3r.lib(mthrdini)
0040dc70*      __InitThreadData_
Module: E:\lib386\nt\clib3r.lib(trdalloc)
0040dca0*      __FiniThreadProcessing_
Module: E:\lib386\nt\clib3r.lib(nheapmin)
0040dcb0*      _nheapshrink_
0040dcb0*      _nheapmin_
0040dcb0*      _heapmin_
0040dcb0*      _heapshrink_
Module: E:\lib386\nt\clib3r.lib(setenvp)
0040dd88*      __setenvp_
0040de6c*      __freeenvp_
Module: E:\lib386\nt\clib3r.lib(ustrlen)
0040dec0*      wcslen_
Module: E:\lib386\nt\clib3r.lib(memcpy)
0040dee0*      memcpy_
Module: E:\lib386\nt\clib3r.lib(conutwnt)
0040df10*      __NTRealKey_
0040dfa8*      __NTConsoleInput_
0040dfb4*      __NTConsoleOutput_
Module: E:\lib386\nt\clib3r.lib(fclex387)
0040dfc0*      _ClearFPE_
Module: E:\lib386\nt\clib3r.lib(signlwnt)
0041afdc+      _SignalTable
0040dfd0+      __SetSignalFunc_
0040e018+      __GetSignalFunc_
0040e03c+      __GetSignalOSCode_
0040e060+      __CheckSignalExCode_
0040e188+      __sigabort_
0040e194*      __sigfpe_handler_
0040e1d8*      signal_
0040e288+      raise_
0040e2f8+      __SigInit_
0040e340+      __SigFini_
0040e370+      __sig_init_
Module: E:\lib386\nt\clib3r.lib(wctomb)
0040e390*      wctomb_
Module: E:\lib386\nt\clib3r.lib(itoa)
0040e3d0+      utoa_
0040e41c*      itoa_
Module: E:\lib386\nt\clib3r.lib(lltoa)
0040e440*      __clib_ulltoa_
0040e4d8*      __clib_lltoa_
Module: E:\lib386\nt\clib3r.lib(ltoa)
0040e530*      ultoa_
0040e57c*      ltoa_
Module: E:\lib386\nt\clib3r.lib(toupper)
0040e5a0*      toupper_
Module: E:\lib386\nt\clib3r.lib(mbinit)
0040e5b0*      __mbinit_
0041b0c0*      ___MBCodePage
Module: E:\lib386\nt\clib3r.lib(mbclen)
0040e720*      _mbclen_
Module: E:\lib386\nt\clib3r.lib(__stos)
0040e750*      __STOSB
0040e787*      __STOSD
Module: E:\lib386\nt\clib3r.lib(grownear)
0040e934*      __ExpandDGROUP_
Module: E:\lib386\nt\clib3r.lib(nmemneed)
0040e9a0*      __nmemneed_
Module: E:\lib386\nt\clib3r.lib(mbsnicmp)
0040e9b0*      _mbsnicmp_
Module: E:\lib386\nt\clib3r.lib(getchwnt)
0040eb34*      getch_
Module: E:\lib386\nt\clib3r.lib(putchwnt)
0040ebb0*      putch_
Module: E:\lib386\nt\clib3r.lib(nmsize)
0040ec20*      _nmsize_
0040ec20*      _msize_
Module: E:\lib386\nt\clib3r.lib(nexpand)
0040ec30*      _nexpand_
0040ec30*      _expand_
0040ec6c+      __HeapManager_expand_
Module: E:\lib386\nt\clib3r.lib(register)
0040ee34*      _beginthread_
0040ee3c*      _endthread_
0040ee44*      __initthread_
0040ee4c*      __RegisterThreadData_
Module: E:\lib386\nt\clib3r.lib(dofilstr)
0040ee90*      __ParsePosixHandleStr_
Module: E:\lib386\nt\clib3r.lib(clearenv)
0040efb0*      clearenv_
Module: E:\lib386\nt\clib3r.lib(abort)
0040f050*      abort_
0040f058*      __terminate_
0041b0d4*      ___abort
Module: E:\lib386\nt\clib3r.lib(cntrl87)
0040f070*      _control87_
Module: E:\lib386\nt\clib3r.lib(i8d)
0040f0bc*      __I8D
0040f111*      __U8D
Module: E:\lib386\nt\clib3r.lib(heapen)
0040f1a0*      _heapenable_
0041b0d8*      ___heap_enabled
Module: E:\lib386\nt\clib3r.lib(amblksiz)
0041b0dc*      __amblksiz
Module: E:\lib386\nt\clib3r.lib(mbterm)
0040f1d0*      _mbterm_
Module: E:\lib386\nt\clib3r.lib(mbcicmp)
0040f210*      _mbcicmp_
Module: E:\lib386\nt\clib3r.lib(mbsinc)
0040f270*      _mbsinc_
Module: E:\lib386\nt\clib3r.lib(thredwnt)
0040f334*      __CBeginThread_
0040f420*      __CEndThread_
Module: E:\lib386\nt\clib3r.lib(strtol)
0040f5a4*      strtoul_
0040f5b0*      strtol_
Module: E:\lib386\nt\clib3r.lib(putenv)
0040f620*      putenv_
0040f7dc+      __putenv_
Module: E:\lib386\nt\clib3r.lib(01h)
0041b16c*      __8087
0041b16d*      __real87
Module: E:\lib386\nt\clib3r.lib(mbccpy)
0040fa90*      _mbccpy_
Module: E:\lib386\nt\clib3r.lib(mbsupr)
0040fad0*      _mbsupr_
Module: E:\lib386\nt\clib3r.lib(mbccmp)
0040fb20*      _mbccmp_
Module: E:\lib386\nt\clib3r.lib(mbschr)
0040fb80*      _mbschr_
Module: E:\lib386\nt\clib3r.lib(mbslen)
0040fbe0*      _mbslen_
Module: E:\lib386\nt\clib3r.lib(mbstowcs)
0040fc10*      mbstowcs_
Module: E:\lib386\nt\clib3r.lib(uputenv)
0040fc90*      _wputenv_
0040fe28*      __wputenv_
Module: E:\lib386\nt\clib3r.lib(memmove)
004100c0*      memmove_
Module: E:\lib386\nt\clib3r.lib(chk8087)
0041011c+      __init_8087_
00410150*      _fpreset_
0041015c*      __chk8087_
Module: E:\lib386\nt\clib3r.lib(mbsnextc)
004101a0*      _mbsnextc_
Module: E:\lib386\nt\clib3r.lib(mbcupper)
004101e0*      _mbctoupper_
Module: E:\lib386\nt\clib3r.lib(mbconv)
00410250*      _mbvtop_
Module: E:\lib386\nt\clib3r.lib(ustrchr)
00410270*      wcschr_
Module: E:\lib386\nt\clib3r.lib(setenvar)
004102a0*      __lib_SetEnvironmentVariableW_
Module: E:\lib386\nt\clib3r.lib(crtwenv)
004103a0*      __create_wide_environment_
Module: E:\lib386\nt\clib3r.lib(wcstombs)
00410400*      wcstombs_
Module: E:\lib386\nt\clib3r.lib(utoupper)
004104c0*      towupper_
Module: E:\lib386\nt\clib3r.lib(save8087)
0041b170*      ___Save8087
0041b174*      ___Rest8087
Module: E:\lib386\nt\clib3r.lib(8087cw)
0041b178*      __8087cw
Module: E:\lib386\nt\clib3r.lib(init8087)
004104e0*      __init_80x87
Module: E:\lib386\nt\clib3r.lib(mbdtoupp)
00410510*      _mbdtoupper_
Module: E:\lib386\nt\clib3r.lib(ismbdlow)
00410530*      _ismbdlower_
Module: E:\lib386\nt\clib3r.lib(mbislegl)
00410580*      _ismbclegal_
Module: E:\lib386\nt\clib3r.lib(mbistrai)
004105c0*      _ismbbtrail_
Module: E:\lib386\nt\clib3r.lib(isktable)
0041b17c*      __IsKTable


                        +----------------------+
                        |   Imported Symbols   |
                        +----------------------+

Symbol                              Module
======                              ======

_ioctlsocket@12                     WSOCK32.dll
_recv@16                            WSOCK32.dll
_WSAStartup@8                       WSOCK32.dll
_WSACleanup@0                       WSOCK32.dll
_htons@4                            WSOCK32.dll
_inet_addr@4                        WSOCK32.dll
_socket@12                          WSOCK32.dll
_connect@12                         WSOCK32.dll
_WSAGetLastError@0                  WSOCK32.dll
_send@16                            WSOCK32.dll
_SetStdHandle@8                     KERNEL32.dll
_GetStdHandle@4                     KERNEL32.dll
_CreateEventA@16                    KERNEL32.dll
_InitializeCriticalSection@4        KERNEL32.dll
_DeleteCriticalSection@4            KERNEL32.dll
_GetCurrentThreadId@0               KERNEL32.dll
_EnterCriticalSection@4             KERNEL32.dll
_LeaveCriticalSection@4             KERNEL32.dll
_GetLastError@0                     KERNEL32.dll
_TlsGetValue@4                      KERNEL32.dll
_SetLastError@4                     KERNEL32.dll
_TlsAlloc@0                         KERNEL32.dll
_TlsSetValue@8                      KERNEL32.dll
_TlsFree@4                          KERNEL32.dll
_GetModuleFileNameW@12              KERNEL32.dll
_MultiByteToWideChar@24             KERNEL32.dll
_VirtualQuery@12                    KERNEL32.dll
_LoadLibraryA@4                     KERNEL32.dll
_GetProcAddress@8                   KERNEL32.dll
_UnhandledExceptionFilter@4         KERNEL32.dll
_SetUnhandledExceptionFilter@4      KERNEL32.dll
_GetFileType@4                      KERNEL32.dll
_FlushFileBuffers@4                 KERNEL32.dll
_GetFileAttributesA@4               KERNEL32.dll
_MoveFileA@8                        KERNEL32.dll
_GetFullPathNameA@16                KERNEL32.dll
_GetCurrentDirectoryA@8             KERNEL32.dll
_DeleteFileA@4                      KERNEL32.dll
_ReadFile@20                        KERNEL32.dll
_VirtualFree@12                     KERNEL32.dll
_FreeEnvironmentStringsA@4          KERNEL32.dll
_SetConsoleCtrlHandler@8            KERNEL32.dll
_WideCharToMultiByte@32             KERNEL32.dll
_GetACP@0                           KERNEL32.dll
_GetOEMCP@0                         KERNEL32.dll
_GetCPInfo@8                        KERNEL32.dll
_VirtualAlloc@16                    KERNEL32.dll
_ReadConsoleInputA@16               KERNEL32.dll
_GetConsoleMode@8                   KERNEL32.dll
_SetConsoleMode@8                   KERNEL32.dll
_WriteConsoleA@20                   KERNEL32.dll
_SetEvent@4                         KERNEL32.dll
_GetCurrentThread@0                 KERNEL32.dll
_CreateThread@24                    KERNEL32.dll
_WaitForSingleObject@8              KERNEL32.dll
_ExitThread@4                       KERNEL32.dll
_SetEnvironmentVariableA@8          KERNEL32.dll
_CharUpperBuffA@8                   USER32.dll
_SetEnvironmentVariableW@8          KERNEL32.dll
_GetModuleHandleA@4                 KERNEL32.dll
_LoadBitmapA@8                      USER32.dll
_PostQuitMessage@4                  USER32.dll
_GetClientRect@8                    USER32.dll
_GetObjectA@12                      GDI32.dll
_CreateWindowExA@48                 USER32.dll
_BeginPaint@8                       USER32.dll
_CreateCompatibleDC@4               GDI32.dll
_SelectObject@8                     GDI32.dll
_BitBlt@36                          GDI32.dll
_DeleteDC@4                         GDI32.dll
_EndPaint@8                         USER32.dll
_DestroyWindow@4                    USER32.dll
_DefWindowProcA@16                  USER32.dll
_LoadCursorA@8                      USER32.dll
_LoadIconA@8                        USER32.dll
_RegisterClassA@4                   USER32.dll
_GetDlgItemTextA@16                 USER32.dll
_SetDlgItemTextA@12                 USER32.dll
_MessageBoxA@16                     USER32.dll
_GetMessageA@16                     USER32.dll
_TranslateMessage@4                 USER32.dll
_DispatchMessageA@4                 USER32.dll
_SetTimer@16                        USER32.dll
_GetDlgItem@8                       USER32.dll
_SendMessageA@16                    USER32.dll
_WriteFile@20                       KERNEL32.dll
_ExitProcess@4                      KERNEL32.dll
_GetEnvironmentStrings@0            KERNEL32.dll
_GetVersion@0                       KERNEL32.dll
_GetModuleFileNameA@12              KERNEL32.dll
_GetCommandLineA@0                  KERNEL32.dll
_GetCommandLineW@0                  KERNEL32.dll
_CreateFileA@28                     KERNEL32.dll
_CloseHandle@4                      KERNEL32.dll
_GetCurrentProcessId@0              KERNEL32.dll
_SetFilePointer@16                  KERNEL32.dll
_CallWindowProcA@20                 USER32.dll
_SetWindowLongA@12                  USER32.dll
_GetWindowTextA@12                  USER32.dll
_SetWindowTextA@8                   USER32.dll


                        +--------------------+
                        |   Libraries Used   |
                        +--------------------+

E:\lib386\nt\user32.lib


                        +-----------------------+
                        |   Linker Statistics   |
                        +-----------------------+

Stack size:  00010000 (65536.)
Memory size:  0002b1b2 (176562.)
Entry point address: 00408926
Link time: 00:00.00
